ARM Linker, 5.03 [Build 76] [MDK-ARM Lite]

==============================================================================

Section Cross References

    fibonacci.o(reset) refers to fibonacci.o(mycode) for Reset_Handler
    fibonacci.o(mycode) refers to fibonacci.o(mydata) for dst


==============================================================================

Image Symbol Table

    Local Symbols

    Symbol Name                              Value     Ov Type        Size  Object(Section)

    reset                                    0x00000000   Section        8  fibonacci.o(reset)
    fibonacci.s                              0x00000000   Number         0  fibonacci.o ABSOLUTE
    mycode                                   0x00000008   Section       44  fibonacci.o(mycode)
    n                                        0x00000008   Data           4  fibonacci.o(mycode)
    mydata                                   0x10000000   Section        4  fibonacci.o(mydata)
    dst                                      0x10000000   Data           4  fibonacci.o(mydata)

    Global Symbols

    Symbol Name                              Value     Ov Type        Size  Object(Section)

    BuildAttributes$$THM_ISAv4$P$D$K$B$S$PE$A:L22UL41UL21$X:L11$S22US41US21$IEEE1$IW$USESV6$~STKCKD$USESV7$~SHL$OSPACE$EBA8$STANDARDLIB$PRES8$EABIv2 0x00000000   Number         0  anon$$obj.o ABSOLUTE
    __Vectors                                0x00000000   Data           0  fibonacci.o(reset)
    Reset_Handler                            0x0000000d   Thumb Code     0  fibonacci.o(mycode)



==============================================================================

Memory Map of the image

  Image Entry point : 0x0000000d

  Load Region LR_1 (Base: 0x00000000, Size: 0x00000038, Max: 0xffffffff, ABSOLUTE)

    Execution Region ER_RO (Base: 0x00000000, Size: 0x00000034, Max: 0xffffffff, ABSOLUTE)

    Base Addr    Size         Type   Attr      Idx    E Section Name        Object

    0x00000000   0x00000008   Data   RO            1    reset               fibonacci.o
    0x00000008   0x0000002c   Code   RO            3  * mycode              fibonacci.o


    Execution Region ER_RW (Base: 0x10000000, Size: 0x00000004, Max: 0xffffffff, ABSOLUTE)

    Base Addr    Size         Type   Attr      Idx    E Section Name        Object

    0x10000000   0x00000004   Data   RW            2    mydata              fibonacci.o


    Execution Region ER_ZI (Base: 0x10000004, Size: 0x00000000, Max: 0xffffffff, ABSOLUTE)

    **** No section assigned to this execution region ****


==============================================================================

Image component sizes


      Code (inc. data)   RO Data    RW Data    ZI Data      Debug   Object Name

        44         14          8          4          0        188   fibonacci.o

    ----------------------------------------------------------------------
        44         14          8          4          0        188   Object Totals
         0          0          0          0          0          0   (incl. Generated)
         0          0          0          0          0          0   (incl. Padding)

    ----------------------------------------------------------------------
         0          0          0          0          0          0   Library Totals
         0          0          0          0          0          0   (incl. Padding)

    ----------------------------------------------------------------------

==============================================================================


      Code (inc. data)   RO Data    RW Data    ZI Data      Debug   

        44         14          8          4          0        188   Grand Totals
        44         14          8          4          0        188   ELF Image Totals
        44         14          8          4          0          0   ROM Totals

==============================================================================

    Total RO  Size (Code + RO Data)                   52 (   0.05kB)
    Total RW  Size (RW Data + ZI Data)                 4 (   0.00kB)
    Total ROM Size (Code + RO Data + RW Data)         56 (   0.05kB)

==============================================================================

